
> e-track@0.1.0 build
> next build

   Γû▓ Next.js 15.5.4
   - Environments: .env

   Creating an optimized production build ...
 Γ£ô Compiled successfully in 8.6s
   Linting and checking validity of types ...

./app/(pages)/budget/[id]/edit/page.tsx
7:15  Warning: 'BudgetAllocation' is defined but never used.  @typescript-eslint/no-unused-vars

./app/api/dashboard/route.ts
1:10  Warning: 'NextRequest' is defined but never used.  @typescript-eslint/no-unused-vars

./app/not-found.tsx
7:8  Warning: 'Link' is defined but never used.  @typescript-eslint/no-unused-vars

./components/contractor/contractor-calendar-dashboard.tsx
40:34  Warning: 'isLoading' is assigned a value but never used.  @typescript-eslint/no-unused-vars
41:9  Warning: The 'submissions' logical expression could make the dependencies of useMemo Hook (at line 65) change on every render. To fix this, wrap the initialization of 'submissions' in its own useMemo() Hook.  react-hooks/exhaustive-deps

./components/contractor/contractor-projects-list-view.tsx
3:10  Warning: 'FileText' is defined but never used.  @typescript-eslint/no-unused-vars
15:10  Warning: 'formatCurrency' is defined but never used.  @typescript-eslint/no-unused-vars

./components/finance/budget-detail-view.tsx
12:15  Warning: 'Budget' is defined but never used.  @typescript-eslint/no-unused-vars

./components/finance/budget-list-view.tsx
2:19  Warning: 'useState' is defined but never used.  @typescript-eslint/no-unused-vars
4:16  Warning: 'Edit' is defined but never used.  @typescript-eslint/no-unused-vars

./components/finance/expenditure-list-view.tsx
4:16  Warning: 'Edit' is defined but never used.  @typescript-eslint/no-unused-vars
17:10  Warning: 'formatCurrency' is defined but never used.  @typescript-eslint/no-unused-vars
22:3  Warning: 'onDeleteExpenditure' is defined but never used.  @typescript-eslint/no-unused-vars

./components/finance/finance-dashboard.tsx
45:10  Warning: 'selectedPeriod' is assigned a value but never used.  @typescript-eslint/no-unused-vars
45:26  Warning: 'setSelectedPeriod' is assigned a value but never used.  @typescript-eslint/no-unused-vars

./components/finance/revenue-list-view.tsx
4:16  Warning: 'Edit' is defined but never used.  @typescript-eslint/no-unused-vars
18:10  Warning: 'formatCurrency' is defined but never used.  @typescript-eslint/no-unused-vars
22:3  Warning: 'onDeleteRevenue' is defined but never used.  @typescript-eslint/no-unused-vars

./components/global/global-table.tsx
57:3  Warning: 'editHref' is defined but never used.  @typescript-eslint/no-unused-vars

./components/global/project-list-view.tsx
4:16  Warning: 'Edit' is defined but never used.  @typescript-eslint/no-unused-vars
35:3  Warning: 'formatCurrency' is defined but never used.  @typescript-eslint/no-unused-vars
53:3  Warning: 'onAddNew' is defined but never used.  @typescript-eslint/no-unused-vars
54:3  Warning: 'onViewProject' is defined but never used.  @typescript-eslint/no-unused-vars
55:3  Warning: 'onEditProject' is defined but never used.  @typescript-eslint/no-unused-vars

./components/layout/AppHeader.tsx
44:10  Warning: 'showNotifications' is assigned a value but never used.  @typescript-eslint/no-unused-vars
44:29  Warning: 'setShowNotifications' is assigned a value but never used.  @typescript-eslint/no-unused-vars

./components/layout/AppSidebar.tsx
18:3  Warning: 'PlusCircle' is defined but never used.  @typescript-eslint/no-unused-vars
20:3  Warning: 'Archive' is defined but never used.  @typescript-eslint/no-unused-vars

./components/procurement/awards-list-view.tsx
12:10  Warning: 'formatCurrency' is defined but never used.  @typescript-eslint/no-unused-vars

./components/procurement/tender-detail-view.tsx
45:10  Warning: 'selectedBid' is assigned a value but never used.  @typescript-eslint/no-unused-vars

./components/procurement/tenders-list-view.tsx
4:10  Warning: 'Edit' is defined but never used.  @typescript-eslint/no-unused-vars
4:16  Warning: 'FileText' is defined but never used.  @typescript-eslint/no-unused-vars
17:3  Warning: 'formatCurrency' is defined but never used.  @typescript-eslint/no-unused-vars

./lib/auth.ts
117:31  Warning: '_role' is defined but never used.  @typescript-eslint/no-unused-vars

./lib/mda-store.ts
73:12  Warning: 'e' is defined but never used.  @typescript-eslint/no-unused-vars

./lib/user-store.ts
79:12  Warning: 'e' is defined but never used.  @typescript-eslint/no-unused-vars

info  - Need to disable some ESLint rules? Learn more here: https://nextjs.org/docs/app/api-reference/config/eslint#disabling-rules
node.exe : Failed to compile.
At line:1 char:1
+ & "C:\Program Files\nodejs/node.exe" "C:\Program 
Files\nodejs/node_mo ...
+ ~~~~~~~~~~~~~~~~~~~~~~~~~~~~~~~~~~~~~~~~~~~~~~~~~~~~~~~~~~~
~~~~~~~~~~
    + CategoryInfo          : NotSpecified: (Failed to compi 
   le.:String) [], RemoteException
    + FullyQualifiedErrorId : NativeCommandError
 

./app/api/payments/route.ts:204:27
Type error: Property 'taxRate' does not exist on type '{ 
currency: string; total: number; quantity: number; 
unitPrice: number; taxAmount?: number | undefined; 
requestFormItemId?: string | undefined; }'.

[0m [90m 202 |[39m             unitPrice[33m:[39m 
item[33m.[39munitPrice[33m,[39m
 [90m 203 |[39m             currency[33m:[39m 
item[33m.[39mcurrency[33m,[39m
[31m[1m>[22m[39m[90m 204 |[39m             
taxRate[33m:[39m item[33m.[39mtaxRate[33m,[39m
 [90m     |[39m                           
[31m[1m^[22m[39m
 [90m 205 |[39m             taxAmount[33m:[39m 
item[33m.[39mtaxAmount[33m,[39m
 [90m 206 |[39m             total[33m:[39m 
item[33m.[39mtotal[33m,[39m
 [90m 207 |[39m             requestFormItemId[33m:[39m 
item[33m.[39mrequestFormItemId[33m,[39m[0m
Next.js build worker exited with code: 1 and signal: null
