.next/types/validator.ts(395,39): error TS2306: File 'C:/Users/pc/CODELAB/next/e-track/app/pages/contract/[id]/status/page.tsx' is not a module.
.next/types/validator.ts(459,31): error TS2344: Type 'typeof import("C:/Users/pc/CODELAB/next/e-track/app/api/dashboard/[id]/route")' does not satisfy the constraint 'RouteHandlerConfig<"/api/dashboard/[id]">'.
  Types of property 'GET' are incompatible.
    Type '(request: Request, { params }: { params: { id: string; }; }) => Promise<NextResponse<{ ok: boolean; message: string; }>>' is not assignable to type '(request: NextRequest, context: { params: Promise<{ id: string; }>; }) => void | Response | Promise<void | Response>'.
      Types of parameters '__1' and 'context' are incompatible.
        Type '{ params: Promise<{ id: string; }>; }' is not assignable to type '{ params: { id: string; }; }'.
          Types of property 'params' are incompatible.
            Property 'id' is missing in type 'Promise<{ id: string; }>' but required in type '{ id: string; }'.
app/(pages)/budget/[id]/edit/page.tsx(49,7): error TS2345: Argument of type '{ id: string; mdaId: string; mda?: { id: string; name: string; }; amount: number; fiscalYear: number; category: string; createdAt: Date; updatedAt: Date; }' is not assignable to parameter of type '{ id: string; } & Partial<BudgetAllocation>'.
  Type '{ id: string; mdaId: string; mda?: { id: string; name: string; }; amount: number; fiscalYear: number; category: string; createdAt: Date; updatedAt: Date; }' is not assignable to type 'Partial<BudgetAllocation>'.
    Types of property 'mda' are incompatible.
      Type '{ id: string; name: string; } | undefined' is not assignable to type '{ id: string; name: string; category: string; } | undefined'.
        Property 'category' is missing in type '{ id: string; name: string; }' but required in type '{ id: string; name: string; category: string; }'.
app/(pages)/budget/[id]/edit/page.tsx(49,9): error TS2783: 'id' is specified more than once, so this usage will be overwritten.
app/(pages)/budget/page.tsx(16,26): error TS2322: Type 'BudgetAllocation[]' is not assignable to type 'Budget[]'.
  Property 'category' is missing in type 'BudgetAllocation' but required in type 'Budget'.
app/(pages)/expenditure/page.tsx(16,31): error TS2322: Type 'import("C:/Users/pc/CODELAB/next/e-track/types/index").Expenditure[]' is not assignable to type 'import("C:/Users/pc/CODELAB/next/e-track/components/finance/types").Expenditure[]'.
  Type 'import("C:/Users/pc/CODELAB/next/e-track/types/index").Expenditure' is not assignable to type 'import("C:/Users/pc/CODELAB/next/e-track/components/finance/types").Expenditure'.
    Types of property 'project' are incompatible.
      Type 'Project | undefined' is not assignable to type '{ id: string; name: string; } | undefined'.
        Property 'name' is missing in type 'Project' but required in type '{ id: string; name: string; }'.
app/(pages)/projects/[id]/edit/page.tsx(18,9): error TS2783: 'id' is specified more than once, so this usage will be overwritten.
app/(pages)/projects/add/page.tsx(19,7): error TS2783: 'id' is specified more than once, so this usage will be overwritten.
app/(pages)/projects/add/page.tsx(28,7): error TS2322: Type 'string' is not assignable to type 'Date'.
app/(pages)/projects/add/page.tsx(29,7): error TS2322: Type 'string' is not assignable to type 'Date'.
app/api/payments/route.ts(192,9): error TS2322: Type 'null' is not assignable to type 'NullableJsonNullValueInput | InputJsonValue | undefined'.
app/api/projects/route.ts(119,87): error TS2339: Property 'errors' does not exist on type 'ZodError<unknown>'.
app/api/users/route.ts(97,87): error TS2339: Property 'errors' does not exist on type 'ZodError<unknown>'.
components/admin/user-view.tsx(54,9): error TS2353: Object literal may only specify known properties, and 'status' does not exist in type 'UserFormData | ((prevState: UserFormData | null) => UserFormData | null)'.
components/admin/user-view.tsx(71,20): error TS2339: Property 'status' does not exist on type 'UserFormData'.
components/admin/user-view.tsx(142,17): error TS2322: Type 'string | Date' is not assignable to type 'ReactNode'.
  Type 'Date' is not assignable to type 'ReactNode'.
components/admin/user-view.tsx(220,29): error TS2339: Property 'status' does not exist on type 'UserFormData'.
components/admin/user-view.tsx(222,38): error TS2353: Object literal may only specify known properties, and 'status' does not exist in type 'UserFormData | ((prevState: UserFormData | null) => UserFormData | null)'.
components/contractor/constants.ts(65,30): error TS2353: Object literal may only specify known properties, and 'name' does not exist in type 'Project'.
components/contractor/constants.ts(67,5): error TS2739: Type '{ id: string; name: string; }' is missing the following properties from type 'User': email, role, status, createdAt, updatedAt
components/contractor/constants.ts(74,5): error TS2739: Type '{ id: string; name: string; }' is missing the following properties from type 'User': email, role, status, createdAt, updatedAt
components/contractor/constants.ts(82,30): error TS2353: Object literal may only specify known properties, and 'name' does not exist in type 'Project'.
components/contractor/constants.ts(84,5): error TS2739: Type '{ id: string; name: string; }' is missing the following properties from type 'User': email, role, status, createdAt, updatedAt
components/contractor/constants.ts(96,30): error TS2353: Object literal may only specify known properties, and 'name' does not exist in type 'Project'.
components/contractor/constants.ts(98,5): error TS2739: Type '{ id: string; name: string; }' is missing the following properties from type 'User': email, role, status, createdAt, updatedAt
components/contractor/constants.ts(105,5): error TS2739: Type '{ id: string; name: string; }' is missing the following properties from type 'User': email, role, status, createdAt, updatedAt
components/contractor/contractor-calendar-dashboard.tsx(47,9): error TS2322: Type '{ id: string; title: any; date: Date; description: string; status: string; priority: `${number}% Complete`; project: string; }[]' is not assignable to type 'CalendarEvent[]'.
  Type '{ id: string; title: any; date: Date; description: string; status: string; priority: `${number}% Complete`; project: string; }' is not assignable to type 'CalendarEvent'.
    Types of property 'status' are incompatible.
      Type 'string' is not assignable to type 'EventStatus | undefined'.
components/contractor/contractor-calendar-dashboard.tsx(57,36): error TS2339: Property 'name' does not exist on type 'Project'.
components/contractor/contractor-calendar-dashboard.tsx(114,50): error TS2339: Property 'name' does not exist on type 'Project'.
components/contractor/contractor-calendar-dashboard.tsx(254,50): error TS2339: Property 'name' does not exist on type 'Project'.
components/contractor/milestone-submission-form-view.tsx(62,12): error TS2345: Argument of type '{ evidenceDocs: string[]; geoTag: { type: "Point"; coordinates: [number, number]; } | undefined; milestoneStage: string; percentComplete: number; notes: string; latitude: string | number; longitude: string | number; }' is not assignable to parameter of type 'MilestoneSubmission'.
  Type '{ evidenceDocs: string[]; geoTag: { type: "Point"; coordinates: [number, number]; } | undefined; milestoneStage: string; percentComplete: number; notes: string; latitude: string | number; longitude: string | number; }' is missing the following properties from type 'MilestoneSubmission': id, projectId, contractorId, status, and 2 more.
components/finance/budget-form-view.tsx(43,12): error TS2345: Argument of type '{ mdaId: string; amount: number; fiscalYear: number; category: string; }' is not assignable to parameter of type 'Budget'.
  Type '{ mdaId: string; amount: number; fiscalYear: number; category: string; }' is missing the following properties from type 'Budget': id, createdAt, updatedAt
components/finance/expenditure-form-view.tsx(57,12): error TS2345: Argument of type '{ supportingDocs: string[]; projectId: string; amount: number; date: string; recipient: string; }' is not assignable to parameter of type 'Expenditure'.
  Type '{ supportingDocs: string[]; projectId: string; amount: number; date: string; recipient: string; }' is missing the following properties from type 'Expenditure': id, createdAt, updatedAt
components/finance/revenue-form-view.tsx(57,12): error TS2345: Argument of type '{ supportingDocs: string[]; mdaId: string; type: string; amount: number; date: string; }' is not assignable to parameter of type 'Revenue'.
  Type '{ supportingDocs: string[]; mdaId: string; type: string; amount: number; date: string; }' is missing the following properties from type 'Revenue': id, createdAt, updatedAt
components/global/calendar.tsx(228,13): error TS2769: No overload matches this call.
  Overload 1 of 2, '(props: CalendarProps<{ start: Date; end: Date; resource: CalendarEvent; id: string; title: string; date: Date; startTime?: string | undefined; endTime?: string | undefined; ... 6 more ...; updatedAt?: Date | undefined; }, object>): Calendar<...>', gave the following error.
    Type '(event: { description?: string; title?: string; }) => string | undefined' is not assignable to type '"id" | "createdAt" | "updatedAt" | "project" | "title" | "description" | "status" | "resource" | "date" | "contractor" | "startTime" | "endTime" | "priority" | "end" | "start" | ((event: { ...; }) => string) | null | undefined'.
      Type '(event: { description?: string; title?: string; }) => string | undefined' is not assignable to type '(event: { start: Date; end: Date; resource: CalendarEvent; id: string; title: string; date: Date; startTime?: string | undefined; endTime?: string | undefined; ... 6 more ...; updatedAt?: Date | undefined; }) => string'.
        Type 'string | undefined' is not assignable to type 'string'.
          Type 'undefined' is not assignable to type 'string'.
  Overload 2 of 2, '(props: CalendarProps<{ start: Date; end: Date; resource: CalendarEvent; id: string; title: string; date: Date; startTime?: string | undefined; endTime?: string | undefined; ... 6 more ...; updatedAt?: Date | undefined; }, object>, context: any): Calendar<...>', gave the following error.
    Type '(event: { description?: string; title?: string; }) => string | undefined' is not assignable to type '"id" | "createdAt" | "updatedAt" | "project" | "title" | "description" | "status" | "resource" | "date" | "contractor" | "startTime" | "endTime" | "priority" | "end" | "start" | ((event: { ...; }) => string) | null | undefined'.
      Type '(event: { description?: string; title?: string; }) => string | undefined' is not assignable to type '(event: { start: Date; end: Date; resource: CalendarEvent; id: string; title: string; date: Date; startTime?: string | undefined; endTime?: string | undefined; ... 6 more ...; updatedAt?: Date | undefined; }) => string'.
        Type 'string | undefined' is not assignable to type 'string'.
          Type 'undefined' is not assignable to type 'string'.
components/global/project-form-view.tsx(53,12): error TS2345: Argument of type '{ title: string; description: string; category: ProjectCategory; supervisingMdaId: string; contractorId: string; contractValue: number; startDate: string | Date; endDate: string | Date; evidenceDocs: string[]; }' is not assignable to parameter of type 'Project'.
  Type '{ title: string; description: string; category: ProjectCategory; supervisingMdaId: string; contractorId: string; contractValue: number; startDate: string | Date; endDate: string | Date; evidenceDocs: string[]; }' is missing the following properties from type 'Project': id, status, createdAt, updatedAt
components/global/project-form-view.tsx(203,21): error TS2322: Type 'string | Date' is not assignable to type 'string | number | readonly string[] | undefined'.
  Type 'Date' is not assignable to type 'string | number | readonly string[] | undefined'.
    Type 'Date' is missing the following properties from type 'readonly string[]': length, concat, join, slice, and 26 more.
components/global/project-form-view.tsx(216,21): error TS2322: Type 'string | Date' is not assignable to type 'string | number | readonly string[] | undefined'.
  Type 'Date' is not assignable to type 'string | number | readonly string[] | undefined'.
    Type 'Date' is missing the following properties from type 'readonly string[]': length, concat, join, slice, and 26 more.
components/global/project-list-view.tsx(270,37): error TS2551: Property 'supervisingMdaName' does not exist on type 'Project'. Did you mean 'supervisingMda'?
components/global/project-list-view.tsx(279,37): error TS2551: Property 'contractorName' does not exist on type 'Project'. Did you mean 'contractor'?
components/global/project-list-view.tsx(309,35): error TS2345: Argument of type 'Date' is not assignable to parameter of type 'string'.
components/global/project-list-view.tsx(310,35): error TS2345: Argument of type 'Date' is not assignable to parameter of type 'string'.
components/global/ProjectList.tsx(51,8): error TS2307: Cannot find module '@/components/projects-manager/data' or its corresponding type declarations.
components/global/ProjectList.tsx(199,31): error TS2322: Type 'unknown' is not assignable to type 'Key | null | undefined'.
components/global/ProjectList.tsx(199,39): error TS2322: Type 'unknown' is not assignable to type 'string'.
components/global/ProjectList.tsx(200,21): error TS2322: Type 'unknown' is not assignable to type 'ReactNode'.
components/global/ProjectList.tsx(212,31): error TS2322: Type 'unknown' is not assignable to type 'Key | null | undefined'.
components/global/ProjectList.tsx(212,39): error TS2322: Type 'unknown' is not assignable to type 'string'.
components/global/ProjectList.tsx(213,21): error TS2322: Type 'unknown' is not assignable to type 'ReactNode'.
components/global/ProjectList.tsx(224,35): error TS7006: Parameter 'm' implicitly has an 'any' type.
components/layout/AppLayout.tsx(27,19): error TS2322: Type '{ userRole: UserRole; }' is not assignable to type 'IntrinsicAttributes'.
  Property 'userRole' does not exist on type 'IntrinsicAttributes'.
components/projects-manager/constants.ts(22,5): error TS2322: Type 'string' is not assignable to type 'Date'.
components/projects-manager/constants.ts(23,5): error TS2322: Type 'string' is not assignable to type 'Date'.
components/projects-manager/constants.ts(26,5): error TS2322: Type 'string' is not assignable to type 'Date'.
components/projects-manager/constants.ts(27,5): error TS2322: Type 'string' is not assignable to type 'Date'.
components/projects-manager/constants.ts(40,5): error TS2322: Type 'string' is not assignable to type 'Date'.
components/projects-manager/constants.ts(41,5): error TS2322: Type 'string' is not assignable to type 'Date'.
components/projects-manager/constants.ts(44,5): error TS2322: Type 'string' is not assignable to type 'Date'.
components/projects-manager/constants.ts(45,5): error TS2322: Type 'string' is not assignable to type 'Date'.
components/projects-manager/constants.ts(60,5): error TS2322: Type 'string' is not assignable to type 'Date'.
components/projects-manager/constants.ts(61,5): error TS2322: Type 'string' is not assignable to type 'Date'.
components/projects-manager/constants.ts(73,5): error TS2322: Type 'string' is not assignable to type 'Date'.
components/projects-manager/constants.ts(74,5): error TS2322: Type 'string' is not assignable to type 'Date'.
lib/api.ts(119,28): error TS2769: No overload matches this call.
  Overload 1 of 3, '(name: string, value: string | Blob): void', gave the following error.
    Argument of type 'unknown' is not assignable to parameter of type 'string | Blob'.
  Overload 2 of 3, '(name: string, value: string): void', gave the following error.
    Argument of type 'unknown' is not assignable to parameter of type 'string'.
  Overload 3 of 3, '(name: string, blobValue: Blob, filename?: string | undefined): void', gave the following error.
    Argument of type 'unknown' is not assignable to parameter of type 'Blob'.
lib/auth.ts(11,14): error TS2741: Property 'status' is missing in type '{ id: string; email: string; name: string; role: UserRole.Admin; mdaId: string; createdAt: Date; updatedAt: Date; }' but required in type 'User'.
prisma/seed.ts(53,32): error TS2322: Type '{ id: string; name: string; email: string; role: string; mdaId: string; isActive: boolean; }' is not assignable to type '(Without<UserCreateInput, UserUncheckedCreateInput> & UserUncheckedCreateInput) | (Without<...> & UserCreateInput)'.
  Type '{ id: string; name: string; email: string; role: string; mdaId: string; isActive: boolean; }' is not assignable to type 'Without<UserCreateInput, UserUncheckedCreateInput> & UserUncheckedCreateInput'.
    Type '{ id: string; name: string; email: string; role: string; mdaId: string; isActive: boolean; }' is not assignable to type 'UserUncheckedCreateInput'.
      Types of property 'role' are incompatible.
        Type 'string' is not assignable to type 'UserRole'.
prisma/seed.ts(87,35): error TS2322: Type '{ id: string; title: string; description: string; category: string; supervisingMdaId: string; contractorId: string; contractValue: number; startDate: Date; endDate: Date; status: string; evidenceDocs: never[]; }' is not assignable to type '(Without<ProjectCreateInput, ProjectUncheckedCreateInput> & ProjectUncheckedCreateInput) | (Without<...> & ProjectCreateInput)'.
  Type '{ id: string; title: string; description: string; category: string; supervisingMdaId: string; contractorId: string; contractValue: number; startDate: Date; endDate: Date; status: string; evidenceDocs: never[]; }' is not assignable to type 'Without<ProjectCreateInput, ProjectUncheckedCreateInput> & ProjectUncheckedCreateInput'.
    Type '{ id: string; title: string; description: string; category: string; supervisingMdaId: string; contractorId: string; contractValue: number; startDate: Date; endDate: Date; status: string; evidenceDocs: never[]; }' is not assignable to type 'ProjectUncheckedCreateInput'.
      Types of property 'category' are incompatible.
        Type 'string' is not assignable to type 'ProjectCategory'.
prisma/seed.ts(101,47): error TS2322: Type '{ id: string; projectId: string; contractorId: string; milestoneStage: string; percentComplete: number; status: string; evidenceDocs: never[]; }' is not assignable to type '(Without<MilestoneSubmissionCreateInput, MilestoneSubmissionUncheckedCreateInput> & MilestoneSubmissionUncheckedCreateInput) | (Without<...> & MilestoneSubmissionCreateInput)'.
  Type '{ id: string; projectId: string; contractorId: string; milestoneStage: string; percentComplete: number; status: string; evidenceDocs: never[]; }' is not assignable to type 'Without<MilestoneSubmissionCreateInput, MilestoneSubmissionUncheckedCreateInput> & MilestoneSubmissionUncheckedCreateInput'.
    Type '{ id: string; projectId: string; contractorId: string; milestoneStage: string; percentComplete: number; status: string; evidenceDocs: never[]; }' is not assignable to type 'MilestoneSubmissionUncheckedCreateInput'.
      Types of property 'milestoneStage' are incompatible.
        Type 'string' is not assignable to type 'MilestoneStage'.
prisma/seed.ts(157,46): error TS2322: Type '{ id: string; mdaId: string; title: string; description: string; estimatedCost: number; requestDate: Date; status: string; documents: never[]; }' is not assignable to type '(Without<ProcurementRequestCreateInput, ProcurementRequestUncheckedCreateInput> & ProcurementRequestUncheckedCreateInput) | (Without<...> & ProcurementRequestCreateInput)'.
  Type '{ id: string; mdaId: string; title: string; description: string; estimatedCost: number; requestDate: Date; status: string; documents: never[]; }' is not assignable to type 'Without<ProcurementRequestCreateInput, ProcurementRequestUncheckedCreateInput> & ProcurementRequestUncheckedCreateInput'.
    Type '{ id: string; mdaId: string; title: string; description: string; estimatedCost: number; requestDate: Date; status: string; documents: never[]; }' is not assignable to type 'ProcurementRequestUncheckedCreateInput'.
      Types of property 'status' are incompatible.
        Type 'string' is not assignable to type 'ProcurementStatus'.
prisma/seed.ts(185,41): error TS2322: Type '{ id: string; title: string; date: Date; startTime: string; endTime: string; status: string; priority: string; description: string; }' is not assignable to type '(Without<CalendarEventCreateInput, CalendarEventUncheckedCreateInput> & CalendarEventUncheckedCreateInput) | (Without<...> & CalendarEventCreateInput)'.
  Type '{ id: string; title: string; date: Date; startTime: string; endTime: string; status: string; priority: string; description: string; }' is not assignable to type 'Without<CalendarEventUncheckedCreateInput, CalendarEventCreateInput> & CalendarEventCreateInput'.
    Type '{ id: string; title: string; date: Date; startTime: string; endTime: string; status: string; priority: string; description: string; }' is not assignable to type 'CalendarEventCreateInput'.
      Types of property 'status' are incompatible.
        Type 'string' is not assignable to type 'EventStatus | null | undefined'.
